src/pages/Allocation.tsx(66,9): error TS2353: Object literal may only specify known properties, and 'body' does not exist in type 'AxiosRequestConfig<any>'.
src/pages/Allocation.tsx(88,9): error TS2353: Object literal may only specify known properties, and 'body' does not exist in type 'AxiosRequestConfig<any>'.
src/pages/Allocation.tsx(102,9): error TS2353: Object literal may only specify known properties, and 'body' does not exist in type 'AxiosRequestConfig<any>'.
src/pages/Allocation.tsx(118,9): error TS2353: Object literal may only specify known properties, and 'body' does not exist in type 'AxiosRequestConfig<any>'.
src/pages/ApplicantForm.tsx(36,9): error TS2353: Object literal may only specify known properties, and 'body' does not exist in type 'AxiosRequestConfig<any>'.
